Before:
2      *  2
1     ]A[ 1


After:

2      *  2
1     [A] 1
