Before:
2     [A] 2
1      *  1


After:

2         2
1    [*A] 1
